\BOOKMARK [1][-]{section.1}{\376\377\173\054\116\000\172\340\000\040\136\163\227\142\146\166\117\123\173\241\142\200\147\057}{}% 1
\BOOKMARK [2][-]{subsection.1.1}{\376\377\136\163\227\142\146\166\117\123\173\241\176\323\147\204}{section.1}% 2
\BOOKMARK [2][-]{subsection.1.2}{\376\377\134\072\133\370\177\051\134\017\166\204\213\276\213\241\145\271\154\325}{section.1}% 3
\BOOKMARK [2][-]{subsection.1.3}{\376\377\136\163\227\142\146\166\117\123\173\241\140\047\200\375\130\236\137\072\142\200\147\057}{section.1}% 4
\BOOKMARK [1][-]{section.2}{\376\377\173\054\116\214\172\340\000\040\000S\000O\000I\000\040\000M\000O\000S\126\150\116\366}{}% 5
\BOOKMARK [2][-]{subsection.2.1}{\376\377\000S\000O\000I\000\040\142\200\147\057\166\204\157\024\123\330}{section.2}% 6
\BOOKMARK [2][-]{subsection.2.2}{\376\377\000S\000O\000I\000\040\126\150\116\366\176\323\147\204}{section.2}% 7
\BOOKMARK [2][-]{subsection.2.3}{\376\377\000S\000O\000I\000\040\126\150\116\366\162\171\140\047}{section.2}% 8
\BOOKMARK [2][-]{subsection.2.4}{\376\377\000S\000O\000I\000\040\126\150\116\366\130\236\137\072\142\200\147\057}{section.2}% 9
\BOOKMARK [1][-]{section.3}{\376\377\173\054\116\011\172\340\000\040\131\032\150\005\000M\000O\000S\126\150\116\366}{}% 10
\BOOKMARK [2][-]{subsection.3.1}{\376\377\000F\000i\000n\000F\000E\000T\000\040\142\200\147\057\166\204\123\321\134\125}{section.3}% 11
\BOOKMARK [2][-]{subsection.3.2}{\376\377\000F\000i\000n\000F\000E\000T\000\040\126\150\116\366\162\171\140\047}{section.3}% 12
\BOOKMARK [2][-]{subsection.3.3}{\376\377\000F\000i\000n\000F\000E\000T\000\040\176\323\147\204\213\276\213\241}{section.3}% 13
\BOOKMARK [2][-]{subsection.3.4}{\376\377\126\364\150\005\000M\000O\000S\126\150\116\366\377\010\000G\000A\000A\000,\000\040\000G\000a\000t\000e\000-\000A\000l\000l\000-\000A\000r\000o\000u\000n\000d\377\011}{section.3}% 14
\BOOKMARK [1][-]{section.4}{\376\377\173\054\126\333\172\340\000\040\227\142\124\021\133\236\226\105\136\224\165\050\166\204\126\150\116\366}{}% 15
\BOOKMARK [2][-]{subsection.4.1}{\376\377\126\150\116\366\166\204\155\250\204\075}{section.4}% 16
\BOOKMARK [3][-]{subsubsection.4.1.1}{\376\377\147\102\215\050\226\217\147\072\122\006\136\003\000\050\000R\000D\000D\000\051}{subsection.4.1}% 17
\BOOKMARK [3][-]{subsubsection.4.1.2}{\376\377\176\277\147\141\217\271\154\277\174\227\174\331\377\010\000L\000E\000R\377\011}{subsection.4.1}% 18
\BOOKMARK [3][-]{subsubsection.4.1.3}{\376\377\150\005\147\120\145\231\166\204\122\237\121\375\145\160\123\330\123\026}{subsection.4.1}% 19
\BOOKMARK [3][-]{subsubsection.4.1.4}{\376\377\000N\000M\000O\000S\000\040\116\016\000\040\000P\000M\000O\000S\000\040\155\250\204\075\156\220\227\136\133\371\171\360\140\047\133\371\153\324}{subsection.4.1}% 20
\BOOKMARK [2][-]{subsection.4.2}{\376\377\126\150\116\366\166\204\123\357\227\140\140\047}{section.4}% 21
\BOOKMARK [3][-]{subsubsection.4.2.1}{\376\377\120\117\177\156\156\051\136\246\116\015\172\063\133\232\140\047}{subsection.4.2}% 22
\BOOKMARK [1][-]{section.5}{\376\377\173\054\116\224\172\340\000\040\133\130\120\250\126\150}{}% 23
\BOOKMARK [2][-]{subsection.5.1}{\376\377\133\130\120\250\126\150\151\202\217\360}{section.5}% 24
\BOOKMARK [2][-]{subsection.5.2}{\376\377\143\045\123\321\140\047\133\130\120\250\126\150}{section.5}% 25
\BOOKMARK [3][-]{subsubsection.5.2.1}{\376\377\000D\000R\000A\000M}{subsection.5.2}% 26
\BOOKMARK [3][-]{subsubsection.5.2.2}{\376\377\000S\000R\000A\000M}{subsection.5.2}% 27
\BOOKMARK [2][-]{subsection.5.3}{\376\377\116\015\143\045\123\321\140\047\133\130\120\250\126\150}{section.5}% 28
\BOOKMARK [2][-]{subsection.5.4}{\376\377\145\260\127\213\133\130\120\250\126\150}{section.5}% 29
